Traceback (most recent call last):
  File "/Users/kashnitskiyy/opt/anaconda3/lib/python3.8/site-packages/jupyter_cache/executors/utils.py", line 51, in single_nb_execution
    executenb(
  File "/Users/kashnitskiyy/opt/anaconda3/lib/python3.8/site-packages/nbclient/client.py", line 1112, in execute
    return NotebookClient(nb=nb, resources=resources, km=km, **kwargs).execute()
  File "/Users/kashnitskiyy/opt/anaconda3/lib/python3.8/site-packages/nbclient/util.py", line 74, in wrapped
    return just_run(coro(*args, **kwargs))
  File "/Users/kashnitskiyy/opt/anaconda3/lib/python3.8/site-packages/nbclient/util.py", line 53, in just_run
    return loop.run_until_complete(coro)
  File "/Users/kashnitskiyy/opt/anaconda3/lib/python3.8/asyncio/base_events.py", line 616, in run_until_complete
    return future.result()
  File "/Users/kashnitskiyy/opt/anaconda3/lib/python3.8/site-packages/nbclient/client.py", line 553, in async_execute
    await self.async_execute_cell(
  File "/Users/kashnitskiyy/opt/anaconda3/lib/python3.8/site-packages/nbclient/client.py", line 857, in async_execute_cell
    self._check_raise_for_error(cell, exec_reply)
  File "/Users/kashnitskiyy/opt/anaconda3/lib/python3.8/site-packages/nbclient/client.py", line 760, in _check_raise_for_error
    raise CellExecutionError.from_cell_and_msg(cell, exec_reply_content)
nbclient.exceptions.CellExecutionError: An error occurred while executing the following cell:
------------------
train_df = pd.read_csv(DATA_PATH + FILE_NAME)
train_df.head()
------------------

[0;31m---------------------------------------------------------------------------[0m
[0;31mBadZipFile[0m                                Traceback (most recent call last)
[0;32m<ipython-input-3-59ae8c988e77>[0m in [0;36m<module>[0;34m[0m
[0;32m----> 1[0;31m [0mtrain_df[0m [0;34m=[0m [0mpd[0m[0;34m.[0m[0mread_csv[0m[0;34m([0m[0mDATA_PATH[0m [0;34m+[0m [0mFILE_NAME[0m[0;34m)[0m[0;34m[0m[0;34m[0m[0m
[0m[1;32m      2[0m [0mtrain_df[0m[0;34m.[0m[0mhead[0m[0;34m([0m[0;34m)[0m[0;34m[0m[0;34m[0m[0m

[0;32m~/opt/anaconda3/lib/python3.8/site-packages/pandas/util/_decorators.py[0m in [0;36mwrapper[0;34m(*args, **kwargs)[0m
[1;32m    309[0m                     [0mstacklevel[0m[0;34m=[0m[0mstacklevel[0m[0;34m,[0m[0;34m[0m[0;34m[0m[0m
[1;32m    310[0m                 )
[0;32m--> 311[0;31m             [0;32mreturn[0m [0mfunc[0m[0;34m([0m[0;34m*[0m[0margs[0m[0;34m,[0m [0;34m**[0m[0mkwargs[0m[0;34m)[0m[0;34m[0m[0;34m[0m[0m
[0m[1;32m    312[0m [0;34m[0m[0m
[1;32m    313[0m         [0;32mreturn[0m [0mwrapper[0m[0;34m[0m[0;34m[0m[0m

[0;32m~/opt/anaconda3/lib/python3.8/site-packages/pandas/io/parsers/readers.py[0m in [0;36mread_csv[0;34m(filepath_or_buffer, sep, delimiter, header, names, index_col, usecols, squeeze, prefix, mangle_dupe_cols, dtype, engine, converters, true_values, false_values, skipinitialspace, skiprows, skipfooter, nrows, na_values, keep_default_na, na_filter, verbose, skip_blank_lines, parse_dates, infer_datetime_format, keep_date_col, date_parser, dayfirst, cache_dates, iterator, chunksize, compression, thousands, decimal, lineterminator, quotechar, quoting, doublequote, escapechar, comment, encoding, encoding_errors, dialect, error_bad_lines, warn_bad_lines, on_bad_lines, delim_whitespace, low_memory, memory_map, float_precision, storage_options)[0m
[1;32m    584[0m     [0mkwds[0m[0;34m.[0m[0mupdate[0m[0;34m([0m[0mkwds_defaults[0m[0;34m)[0m[0;34m[0m[0;34m[0m[0m
[1;32m    585[0m [0;34m[0m[0m
[0;32m--> 586[0;31m     [0;32mreturn[0m [0m_read[0m[0;34m([0m[0mfilepath_or_buffer[0m[0;34m,[0m [0mkwds[0m[0;34m)[0m[0;34m[0m[0;34m[0m[0m
[0m[1;32m    587[0m [0;34m[0m[0m
[1;32m    588[0m [0;34m[0m[0m

[0;32m~/opt/anaconda3/lib/python3.8/site-packages/pandas/io/parsers/readers.py[0m in [0;36m_read[0;34m(filepath_or_buffer, kwds)[0m
[1;32m    480[0m [0;34m[0m[0m
[1;32m    481[0m     [0;31m# Create the parser.[0m[0;34m[0m[0;34m[0m[0;34m[0m[0m
[0;32m--> 482[0;31m     [0mparser[0m [0;34m=[0m [0mTextFileReader[0m[0;34m([0m[0mfilepath_or_buffer[0m[0;34m,[0m [0;34m**[0m[0mkwds[0m[0;34m)[0m[0;34m[0m[0;34m[0m[0m
[0m[1;32m    483[0m [0;34m[0m[0m
[1;32m    484[0m     [0;32mif[0m [0mchunksize[0m [0;32mor[0m [0miterator[0m[0;34m:[0m[0;34m[0m[0;34m[0m[0m

[0;32m~/opt/anaconda3/lib/python3.8/site-packages/pandas/io/parsers/readers.py[0m in [0;36m__init__[0;34m(self, f, engine, **kwds)[0m
[1;32m    809[0m             [0mself[0m[0;34m.[0m[0moptions[0m[0;34m[[0m[0;34m"has_index_names"[0m[0;34m][0m [0;34m=[0m [0mkwds[0m[0;34m[[0m[0;34m"has_index_names"[0m[0;34m][0m[0;34m[0m[0;34m[0m[0m
[1;32m    810[0m [0;34m[0m[0m
[0;32m--> 811[0;31m         [0mself[0m[0;34m.[0m[0m_engine[0m [0;34m=[0m [0mself[0m[0;34m.[0m[0m_make_engine[0m[0;34m([0m[0mself[0m[0;34m.[0m[0mengine[0m[0;34m)[0m[0;34m[0m[0;34m[0m[0m
[0m[1;32m    812[0m [0;34m[0m[0m
[1;32m    813[0m     [0;32mdef[0m [0mclose[0m[0;34m([0m[0mself[0m[0;34m)[0m[0;34m:[0m[0;34m[0m[0;34m[0m[0m

[0;32m~/opt/anaconda3/lib/python3.8/site-packages/pandas/io/parsers/readers.py[0m in [0;36m_make_engine[0;34m(self, engine)[0m
[1;32m   1038[0m             )
[1;32m   1039[0m         [0;31m# error: Too many arguments for "ParserBase"[0m[0;34m[0m[0;34m[0m[0;34m[0m[0m
[0;32m-> 1040[0;31m         [0;32mreturn[0m [0mmapping[0m[0;34m[[0m[0mengine[0m[0;34m][0m[0;34m([0m[0mself[0m[0;34m.[0m[0mf[0m[0;34m,[0m [0;34m**[0m[0mself[0m[0;34m.[0m[0moptions[0m[0;34m)[0m  [0;31m# type: ignore[call-arg][0m[0;34m[0m[0;34m[0m[0m
[0m[1;32m   1041[0m [0;34m[0m[0m
[1;32m   1042[0m     [0;32mdef[0m [0m_failover_to_python[0m[0;34m([0m[0mself[0m[0;34m)[0m[0;34m:[0m[0;34m[0m[0;34m[0m[0m

[0;32m~/opt/anaconda3/lib/python3.8/site-packages/pandas/io/parsers/c_parser_wrapper.py[0m in [0;36m__init__[0;34m(self, src, **kwds)[0m
[1;32m     49[0m [0;34m[0m[0m
[1;32m     50[0m         [0;31m# open handles[0m[0;34m[0m[0;34m[0m[0;34m[0m[0m
[0;32m---> 51[0;31m         [0mself[0m[0;34m.[0m[0m_open_handles[0m[0;34m([0m[0msrc[0m[0;34m,[0m [0mkwds[0m[0;34m)[0m[0;34m[0m[0;34m[0m[0m
[0m[1;32m     52[0m         [0;32massert[0m [0mself[0m[0;34m.[0m[0mhandles[0m [0;32mis[0m [0;32mnot[0m [0;32mNone[0m[0;34m[0m[0;34m[0m[0m
[1;32m     53[0m [0;34m[0m[0m

[0;32m~/opt/anaconda3/lib/python3.8/site-packages/pandas/io/parsers/base_parser.py[0m in [0;36m_open_handles[0;34m(self, src, kwds)[0m
[1;32m    220[0m         [0mLet[0m [0mthe[0m [0mreaders[0m [0mopen[0m [0mIOHandles[0m [0mafter[0m [0mthey[0m [0mare[0m [0mdone[0m [0;32mwith[0m [0mtheir[0m [0mpotential[0m [0mraises[0m[0;34m.[0m[0;34m[0m[0;34m[0m[0m
[1;32m    221[0m         """
[0;32m--> 222[0;31m         self.handles = get_handle(
[0m[1;32m    223[0m             [0msrc[0m[0;34m,[0m[0;34m[0m[0;34m[0m[0m
[1;32m    224[0m             [0;34m"r"[0m[0;34m,[0m[0;34m[0m[0;34m[0m[0m

[0;32m~/opt/anaconda3/lib/python3.8/site-packages/pandas/io/common.py[0m in [0;36mget_handle[0;34m(path_or_buf, mode, encoding, compression, memory_map, is_text, errors, storage_options)[0m
[1;32m    669[0m         [0;31m# ZIP Compression[0m[0;34m[0m[0;34m[0m[0;34m[0m[0m
[1;32m    670[0m         [0;32melif[0m [0mcompression[0m [0;34m==[0m [0;34m"zip"[0m[0;34m:[0m[0;34m[0m[0;34m[0m[0m
[0;32m--> 671[0;31m             [0mhandle[0m [0;34m=[0m [0m_BytesZipFile[0m[0;34m([0m[0mhandle[0m[0;34m,[0m [0mioargs[0m[0;34m.[0m[0mmode[0m[0;34m,[0m [0;34m**[0m[0mcompression_args[0m[0;34m)[0m[0;34m[0m[0;34m[0m[0m
[0m[1;32m    672[0m             [0;32mif[0m [0mhandle[0m[0;34m.[0m[0mmode[0m [0;34m==[0m [0;34m"r"[0m[0;34m:[0m[0;34m[0m[0;34m[0m[0m
[1;32m    673[0m                 [0mhandles[0m[0;34m.[0m[0mappend[0m[0;34m([0m[0mhandle[0m[0;34m)[0m[0;34m[0m[0;34m[0m[0m

[0;32m~/opt/anaconda3/lib/python3.8/site-packages/pandas/io/common.py[0m in [0;36m__init__[0;34m(self, file, mode, archive_name, **kwargs)[0m
[1;32m    785[0m         [0;31m# TextIOBase, TextIOWrapper, mmap]]]"; expected "Union[Union[str,[0m[0;34m[0m[0;34m[0m[0;34m[0m[0m
[1;32m    786[0m         [0;31m# _PathLike[str]], IO[bytes]]"[0m[0;34m[0m[0;34m[0m[0;34m[0m[0m
[0;32m--> 787[0;31m         [0msuper[0m[0;34m([0m[0;34m)[0m[0;34m.[0m[0m__init__[0m[0;34m([0m[0mfile[0m[0;34m,[0m [0mmode[0m[0;34m,[0m [0;34m**[0m[0mkwargs_zip[0m[0;34m)[0m  [0;31m# type: ignore[arg-type][0m[0;34m[0m[0;34m[0m[0m
[0m[1;32m    788[0m [0;34m[0m[0m
[1;32m    789[0m     [0;32mdef[0m [0mwrite[0m[0;34m([0m[0mself[0m[0;34m,[0m [0mdata[0m[0;34m)[0m[0;34m:[0m[0;34m[0m[0;34m[0m[0m

[0;32m~/opt/anaconda3/lib/python3.8/zipfile.py[0m in [0;36m__init__[0;34m(self, file, mode, compression, allowZip64, compresslevel, strict_timestamps)[0m
[1;32m   1267[0m         [0;32mtry[0m[0;34m:[0m[0;34m[0m[0;34m[0m[0m
[1;32m   1268[0m             [0;32mif[0m [0mmode[0m [0;34m==[0m [0;34m'r'[0m[0;34m:[0m[0;34m[0m[0;34m[0m[0m
[0;32m-> 1269[0;31m                 [0mself[0m[0;34m.[0m[0m_RealGetContents[0m[0;34m([0m[0;34m)[0m[0;34m[0m[0;34m[0m[0m
[0m[1;32m   1270[0m             [0;32melif[0m [0mmode[0m [0;32min[0m [0;34m([0m[0;34m'w'[0m[0;34m,[0m [0;34m'x'[0m[0;34m)[0m[0;34m:[0m[0;34m[0m[0;34m[0m[0m
[1;32m   1271[0m                 [0;31m# set the modified flag so central directory gets written[0m[0;34m[0m[0;34m[0m[0;34m[0m[0m

[0;32m~/opt/anaconda3/lib/python3.8/zipfile.py[0m in [0;36m_RealGetContents[0;34m(self)[0m
[1;32m   1334[0m             [0;32mraise[0m [0mBadZipFile[0m[0;34m([0m[0;34m"File is not a zip file"[0m[0;34m)[0m[0;34m[0m[0;34m[0m[0m
[1;32m   1335[0m         [0;32mif[0m [0;32mnot[0m [0mendrec[0m[0;34m:[0m[0;34m[0m[0;34m[0m[0m
[0;32m-> 1336[0;31m             [0;32mraise[0m [0mBadZipFile[0m[0;34m([0m[0;34m"File is not a zip file"[0m[0;34m)[0m[0;34m[0m[0;34m[0m[0m
[0m[1;32m   1337[0m         [0;32mif[0m [0mself[0m[0;34m.[0m[0mdebug[0m [0;34m>[0m [0;36m1[0m[0;34m:[0m[0;34m[0m[0;34m[0m[0m
[1;32m   1338[0m             [0mprint[0m[0;34m([0m[0mendrec[0m[0;34m)[0m[0;34m[0m[0;34m[0m[0m

[0;31mBadZipFile[0m: File is not a zip file
BadZipFile: File is not a zip file

